4.5
14.5
24.5
34.5
44.5
54.5
64.5
74.5
84.5
94.5
